<html>
<body>
<pre>
<h1>µVision Build Log</h1>
<h2>Tool Versions:</h2>
IDE-Version: µVision V5.39.0.0
Copyright (C) 2023 ARM Ltd and ARM Germany GmbH. All rights reserved.
License Information: Anh Tran, VN national university- Ha Noi, LIC=----
 
Tool Versions:
Toolchain:       MDK-Lite  Version: 5.39.0.0
Toolchain Path:  D:\Legion\ARM\ARM_Compiler_5.06u7\Bin
C Compiler:      Armcc.exe V5.06 update 7 (build 960)
Assembler:       Armasm.exe V5.06 update 7 (build 960)
Linker/Locator:  ArmLink.exe V5.06 update 7 (build 960)
Library Manager: ArmAr.exe V5.06 update 7 (build 960)
Hex Converter:   FromElf.exe V5.06 update 7 (build 960)
CPU DLL:         SARMCM3.DLL V5.39.0.0
Dialog DLL:      DCM.DLL V1.17.5.0
Target DLL:      STLink\ST-LINKIII-KEIL_SWO.dll V3.2.0.0
Dialog DLL:      TCM.DLL V1.56.4.0
 
<h2>Project:</h2>
D:\Learn\CSDLDKS\Project\MMA845x_FaLLDetector\Test\Test.uvprojx
Project File Date:  06/13/2024

<h2>Output:</h2>
*** Using Compiler 'V5.06 update 7 (build 960)', folder: 'D:\Legion\ARM\ARM_Compiler_5.06u7\Bin'
Build target 'Target 1'
compiling main.c...
I2C.h(14): warning:  #1-D: last line of file ends without a newline
  #endif
Delay.h(10): warning:  #1-D: last line of file ends without a newline
  #endif
LCD.h(14): warning:  #1-D: last line of file ends without a newline
  #endif
Lib.h(6): warning:  #1-D: last line of file ends without a newline
  #include "stdbool.h"
main.c(3): warning:  #1295-D: Deprecated declaration SystemClock_Config - give arg types
  void SystemClock_Config();
main.c(4): warning:  #1295-D: Deprecated declaration SysTick_Init - give arg types
  void SysTick_Init();
main.c(5): warning:  #1295-D: Deprecated declaration LED_Init - give arg types
  void LED_Init();
main.c(6): warning:  #1295-D: Deprecated declaration Switch_Init - give arg types
  void Switch_Init();
main.c(7): warning:  #1295-D: Deprecated declaration EXTI_Config - give arg types
  void EXTI_Config();
main.c(182): warning:  #1-D: last line of file ends without a newline
  }
main.c: 10 warnings, 0 errors
linking...
Program Size: Code=6088 RO-data=268 RW-data=60 ZI-data=1676  
".\Objects\Test.axf" - 0 Error(s), 10 Warning(s).

<h2>Software Packages used:</h2>

Package Vendor: ARM
                http://www.keil.com/pack/ARM.CMSIS.5.9.0.pack
                ARM::CMSIS@5.9.0
                CMSIS (Common Microcontroller Software Interface Standard)
   * Component: CORE Version: 5.6.0

Package Vendor: Keil
                https://www.keil.com/pack/Keil.STM32F1xx_DFP.2.4.1.pack
                Keil::STM32F1xx_DFP@2.4.1
                STMicroelectronics STM32F1 Series Device Support, Drivers and Examples
   * Component: Startup Version: 1.0.0

<h2>Collection of Component include folders:</h2>
  ./RTE/Device/STM32F103C8
  ./RTE/_Target_1
  C:/Users/Legion/AppData/Local/Arm/Packs/ARM/CMSIS/5.9.0/CMSIS/Core/Include
  C:/Users/Legion/AppData/Local/Arm/Packs/Keil/STM32F1xx_DFP/2.4.1/Device/Include

<h2>Collection of Component Files used:</h2>

   * Component: ARM::CMSIS:CORE@5.6.0

   * Component: Keil::Device:Startup@1.0.0
      Source file:   Device/Source/ARM/STM32F1xx_OPT.s
      Source file:   Device/Source/ARM/startup_stm32f10x_md.s
      Include file:  RTE_Driver/Config/RTE_Device.h
      Source file:   Device/Source/system_stm32f10x.c
Build Time Elapsed:  00:00:01
</pre>
</body>
</html>
